// Jest Snapshot v1, https://goo.gl/fbAQLP

exports[`RelatedVideoCard Renders VideoDetails Page 1`] = `ReactWrapper {}`;
