// Jest Snapshot v1, https://goo.gl/fbAQLP

exports[`VideoDetails Renders VideoDetails Page 1`] = `ReactWrapper {}`;
