// Jest Snapshot v1, https://goo.gl/fbAQLP

exports[`VideoCard Renders VideoCard 1`] = `ReactWrapper {}`;
