// Jest Snapshot v1, https://goo.gl/fbAQLP

exports[`ProfileMenu Renders ProfileMenu 1`] = `ReactWrapper {}`;
