// Jest Snapshot v1, https://goo.gl/fbAQLP

exports[`HomeView Renders HomeView 1`] = `ReactWrapper {}`;
