// Jest Snapshot v1, https://goo.gl/fbAQLP

exports[`SideMenu Renders SideMenu 1`] = `ReactWrapper {}`;
